[translate_gt] writing translated GT → outputs/eval_canonical_official_schema/
  next-step + completion: 6000 rows
  anomaly: 1170 forbidden + 1830 valid
Scoring 32 model(s) with the official scorer

▶  ngram_o3
    ✓ next-step: top_1_accuracy=0.6843, top_3_accuracy=0.9900, top_5_accuracy=1.0000, mrr=0.8370
    ✓ completion: normalized_edit_distance=0.5621, exact_match_rate=0.0043, token_accuracy=0.3275, block_accuracy=0.6235
    ✓ anomaly: binary_accuracy=1.0000, precision=1.0000, recall=1.0000, f1=1.0000, roc_auc=0.5150, rule_attribution_accuracy=0.9752
▶  transformer_10000
    ✓ next-step: top_1_accuracy=0.6902, top_3_accuracy=0.9958, top_5_accuracy=1.0000, mrr=0.8421
    ✓ completion: normalized_edit_distance=0.2241, exact_match_rate=0.0043, token_accuracy=0.4293, block_accuracy=0.6930
    ✓ anomaly: binary_accuracy=1.0000, precision=1.0000, recall=1.0000, f1=1.0000, roc_auc=0.8389, rule_attribution_accuracy=0.9752
▶  transformer_25000
    ✓ next-step: top_1_accuracy=0.7027, top_3_accuracy=0.9962, top_5_accuracy=1.0000, mrr=0.8489
    ✓ completion: normalized_edit_distance=0.2188, exact_match_rate=0.0047, token_accuracy=0.4302, block_accuracy=0.6927
    ✓ anomaly: binary_accuracy=1.0000, precision=1.0000, recall=1.0000, f1=1.0000, roc_auc=0.8500, rule_attribution_accuracy=0.9752
▶  transformer_5000
    ✓ next-step: top_1_accuracy=0.7090, top_3_accuracy=0.9967, top_5_accuracy=1.0000, mrr=0.8523
    ✓ completion: normalized_edit_distance=0.2166, exact_match_rate=0.0055, token_accuracy=0.4381, block_accuracy=0.6984
    ✓ anomaly: binary_accuracy=1.0000, precision=1.0000, recall=1.0000, f1=1.0000, roc_auc=0.7940, rule_attribution_accuracy=0.9752
▶  transformer_5000_bge
    ✓ next-step: top_1_accuracy=0.7672, top_3_accuracy=0.9977, top_5_accuracy=1.0000, mrr=0.8821
    ✓ completion: normalized_edit_distance=0.1834, exact_match_rate=0.0263, token_accuracy=0.5187, block_accuracy=0.7211
    ✓ anomaly: binary_accuracy=1.0000, precision=1.0000, recall=1.0000, f1=1.0000, roc_auc=0.5415, rule_attribution_accuracy=0.9752
▶  transformer_5000_bge-r0
    ✓ next-step: top_1_accuracy=0.7078, top_3_accuracy=0.9975, top_5_accuracy=1.0000, mrr=0.8517
    ✓ completion: normalized_edit_distance=0.2132, exact_match_rate=0.0067, token_accuracy=0.4403, block_accuracy=0.7007
    ✓ anomaly: binary_accuracy=1.0000, precision=1.0000, recall=1.0000, f1=1.0000, roc_auc=0.7662, rule_attribution_accuracy=0.9752
▶  transformer_5000_bge-r0.best
    ✓ next-step: top_1_accuracy=0.7078, top_3_accuracy=0.9975, top_5_accuracy=1.0000, mrr=0.8517
    ✓ completion: normalized_edit_distance=0.2132, exact_match_rate=0.0067, token_accuracy=0.4403, block_accuracy=0.7007
    ✓ anomaly: binary_accuracy=1.0000, precision=1.0000, recall=1.0000, f1=1.0000, roc_auc=0.7662, rule_attribution_accuracy=0.9752
▶  transformer_5000_bge-r1
    ✓ next-step: top_1_accuracy=0.6965, top_3_accuracy=0.9968, top_5_accuracy=1.0000, mrr=0.8459
    ✓ completion: normalized_edit_distance=0.2192, exact_match_rate=0.0037, token_accuracy=0.4288, block_accuracy=0.6980
    ✓ anomaly: binary_accuracy=1.0000, precision=1.0000, recall=1.0000, f1=1.0000, roc_auc=0.8299, rule_attribution_accuracy=0.9752
▶  transformer_5000_bge-r1.best
    ✓ next-step: top_1_accuracy=0.6965, top_3_accuracy=0.9968, top_5_accuracy=1.0000, mrr=0.8459
    ✓ completion: normalized_edit_distance=0.2192, exact_match_rate=0.0037, token_accuracy=0.4288, block_accuracy=0.6980
    ✓ anomaly: binary_accuracy=1.0000, precision=1.0000, recall=1.0000, f1=1.0000, roc_auc=0.8299, rule_attribution_accuracy=0.9752
▶  transformer_5000_bge-r2
    ✓ next-step: top_1_accuracy=0.7125, top_3_accuracy=0.9972, top_5_accuracy=1.0000, mrr=0.8540
    ✓ completion: normalized_edit_distance=0.2126, exact_match_rate=0.0058, token_accuracy=0.4387, block_accuracy=0.6988
    ✓ anomaly: binary_accuracy=1.0000, precision=1.0000, recall=1.0000, f1=1.0000, roc_auc=0.8773, rule_attribution_accuracy=0.9752
▶  transformer_5000_bge-r2.best
    ✓ next-step: top_1_accuracy=0.7125, top_3_accuracy=0.9972, top_5_accuracy=1.0000, mrr=0.8540
    ✓ completion: normalized_edit_distance=0.2126, exact_match_rate=0.0058, token_accuracy=0.4387, block_accuracy=0.6988
    ✓ anomaly: binary_accuracy=1.0000, precision=1.0000, recall=1.0000, f1=1.0000, roc_auc=0.8773, rule_attribution_accuracy=0.9752
▶  transformer_5000_bge-r3
    ✓ next-step: top_1_accuracy=0.7032, top_3_accuracy=0.9975, top_5_accuracy=1.0000, mrr=0.8494
    ✓ completion: normalized_edit_distance=0.2197, exact_match_rate=0.0043, token_accuracy=0.4374, block_accuracy=0.7040
    ✓ anomaly: binary_accuracy=1.0000, precision=1.0000, recall=1.0000, f1=1.0000, roc_auc=0.9803, rule_attribution_accuracy=0.9752
▶  transformer_5000_bge-r3.best
    ✓ next-step: top_1_accuracy=0.7032, top_3_accuracy=0.9975, top_5_accuracy=1.0000, mrr=0.8494
    ✓ completion: normalized_edit_distance=0.2197, exact_match_rate=0.0043, token_accuracy=0.4374, block_accuracy=0.7040
    ✓ anomaly: binary_accuracy=1.0000, precision=1.0000, recall=1.0000, f1=1.0000, roc_auc=0.9803, rule_attribution_accuracy=0.9752
▶  transformer_5000_bge-r4
    ✓ next-step: top_1_accuracy=0.6988, top_3_accuracy=0.9973, top_5_accuracy=1.0000, mrr=0.8468
    ✓ completion: normalized_edit_distance=0.2196, exact_match_rate=0.0065, token_accuracy=0.4418, block_accuracy=0.6919
    ✓ anomaly: binary_accuracy=1.0000, precision=1.0000, recall=1.0000, f1=1.0000, roc_auc=0.5000, rule_attribution_accuracy=0.9752
▶  transformer_5000_bge-r4.best
    ✓ next-step: top_1_accuracy=0.6988, top_3_accuracy=0.9973, top_5_accuracy=1.0000, mrr=0.8468
    ✓ completion: normalized_edit_distance=0.2196, exact_match_rate=0.0065, token_accuracy=0.4418, block_accuracy=0.6919
    ✓ anomaly: binary_accuracy=1.0000, precision=1.0000, recall=1.0000, f1=1.0000, roc_auc=0.5000, rule_attribution_accuracy=0.9752
▶  transformer_5000_bge-r5
    ✓ next-step: top_1_accuracy=0.7135, top_3_accuracy=0.9965, top_5_accuracy=1.0000, mrr=0.8547
    ✓ completion: normalized_edit_distance=0.2154, exact_match_rate=0.0055, token_accuracy=0.4382, block_accuracy=0.6991
    ✓ anomaly: binary_accuracy=1.0000, precision=1.0000, recall=1.0000, f1=1.0000, roc_auc=0.5000, rule_attribution_accuracy=0.9752
▶  transformer_5000_bge-r5.best
    ✓ next-step: top_1_accuracy=0.7135, top_3_accuracy=0.9965, top_5_accuracy=1.0000, mrr=0.8547
    ✓ completion: normalized_edit_distance=0.2154, exact_match_rate=0.0055, token_accuracy=0.4382, block_accuracy=0.6991
    ✓ anomaly: binary_accuracy=1.0000, precision=1.0000, recall=1.0000, f1=1.0000, roc_auc=0.5000, rule_attribution_accuracy=0.9752
▶  transformer_5000_bge-r6
    ✓ next-step: top_1_accuracy=0.6928, top_3_accuracy=0.9972, top_5_accuracy=1.0000, mrr=0.8442
    ✓ completion: normalized_edit_distance=0.2189, exact_match_rate=0.0050, token_accuracy=0.4351, block_accuracy=0.6901
    ✓ anomaly: binary_accuracy=1.0000, precision=1.0000, recall=1.0000, f1=1.0000, roc_auc=0.9836, rule_attribution_accuracy=0.9752
▶  transformer_5000_bge-r6.best
    ✓ next-step: top_1_accuracy=0.6928, top_3_accuracy=0.9972, top_5_accuracy=1.0000, mrr=0.8442
    ✓ completion: normalized_edit_distance=0.2189, exact_match_rate=0.0050, token_accuracy=0.4351, block_accuracy=0.6901
    ✓ anomaly: binary_accuracy=1.0000, precision=1.0000, recall=1.0000, f1=1.0000, roc_auc=0.9836, rule_attribution_accuracy=0.9752
▶  transformer_5000_bge-r7
    ✓ next-step: top_1_accuracy=0.6962, top_3_accuracy=0.9972, top_5_accuracy=1.0000, mrr=0.8458
    ✓ completion: normalized_edit_distance=0.2199, exact_match_rate=0.0037, token_accuracy=0.4305, block_accuracy=0.6861
    ✓ anomaly: binary_accuracy=1.0000, precision=1.0000, recall=1.0000, f1=1.0000, roc_auc=0.5000, rule_attribution_accuracy=0.9752
▶  transformer_5000_bge-r7.best
    ✓ next-step: top_1_accuracy=0.6962, top_3_accuracy=0.9972, top_5_accuracy=1.0000, mrr=0.8458
    ✓ completion: normalized_edit_distance=0.2199, exact_match_rate=0.0037, token_accuracy=0.4305, block_accuracy=0.6861
    ✓ anomaly: binary_accuracy=1.0000, precision=1.0000, recall=1.0000, f1=1.0000, roc_auc=0.5000, rule_attribution_accuracy=0.9752
▶  transformer_5000_bge-r8
    ✓ next-step: top_1_accuracy=0.7057, top_3_accuracy=0.9978, top_5_accuracy=1.0000, mrr=0.8507
    ✓ completion: normalized_edit_distance=0.2142, exact_match_rate=0.0060, token_accuracy=0.4404, block_accuracy=0.6973
    ✓ anomaly: binary_accuracy=1.0000, precision=1.0000, recall=1.0000, f1=1.0000, roc_auc=0.9977, rule_attribution_accuracy=0.9752
▶  transformer_5000_bge-r8.best
    ✓ next-step: top_1_accuracy=0.7057, top_3_accuracy=0.9978, top_5_accuracy=1.0000, mrr=0.8507
    ✓ completion: normalized_edit_distance=0.2142, exact_match_rate=0.0060, token_accuracy=0.4404, block_accuracy=0.6973
    ✓ anomaly: binary_accuracy=1.0000, precision=1.0000, recall=1.0000, f1=1.0000, roc_auc=0.9977, rule_attribution_accuracy=0.9752
▶  transformer_5000_minilm-r0
    ✓ next-step: top_1_accuracy=0.6953, top_3_accuracy=0.9970, top_5_accuracy=1.0000, mrr=0.8453
    ✓ completion: normalized_edit_distance=0.2205, exact_match_rate=0.0033, token_accuracy=0.4307, block_accuracy=0.6942
    ✓ anomaly: binary_accuracy=1.0000, precision=1.0000, recall=1.0000, f1=1.0000, roc_auc=0.7051, rule_attribution_accuracy=0.9752
▶  transformer_5000_minilm-r1
    ✓ next-step: top_1_accuracy=0.6897, top_3_accuracy=0.9975, top_5_accuracy=1.0000, mrr=0.8426
    ✓ completion: normalized_edit_distance=0.2233, exact_match_rate=0.0045, token_accuracy=0.4311, block_accuracy=0.6938
    ✓ anomaly: binary_accuracy=1.0000, precision=1.0000, recall=1.0000, f1=1.0000, roc_auc=0.7329, rule_attribution_accuracy=0.9752
▶  transformer_5000_minilm-r2
    ✓ next-step: top_1_accuracy=0.6962, top_3_accuracy=0.9973, top_5_accuracy=1.0000, mrr=0.8458
    ✓ completion: normalized_edit_distance=0.2184, exact_match_rate=0.0042, token_accuracy=0.4298, block_accuracy=0.6939
    ✓ anomaly: binary_accuracy=1.0000, precision=1.0000, recall=1.0000, f1=1.0000, roc_auc=0.7457, rule_attribution_accuracy=0.9752
▶  transformer_5000_minilm-r3
    ✓ next-step: top_1_accuracy=0.6975, top_3_accuracy=0.9970, top_5_accuracy=1.0000, mrr=0.8466
    ✓ completion: normalized_edit_distance=0.2221, exact_match_rate=0.0038, token_accuracy=0.4325, block_accuracy=0.6969
    ✓ anomaly: binary_accuracy=1.0000, precision=1.0000, recall=1.0000, f1=1.0000, roc_auc=0.8171, rule_attribution_accuracy=0.9752
▶  transformer_5000_minilm-r4
    ✓ next-step: top_1_accuracy=0.7038, top_3_accuracy=0.9970, top_5_accuracy=1.0000, mrr=0.8499
    ✓ completion: normalized_edit_distance=0.2163, exact_match_rate=0.0040, token_accuracy=0.4417, block_accuracy=0.7011
    ✓ anomaly: binary_accuracy=1.0000, precision=1.0000, recall=1.0000, f1=1.0000, roc_auc=0.8521, rule_attribution_accuracy=0.9752
▶  transformer_5000_minilm-r5
    ✓ next-step: top_1_accuracy=0.7048, top_3_accuracy=0.9980, top_5_accuracy=1.0000, mrr=0.8504
    ✓ completion: normalized_edit_distance=0.2181, exact_match_rate=0.0048, token_accuracy=0.4419, block_accuracy=0.7004
    ✓ anomaly: binary_accuracy=1.0000, precision=1.0000, recall=1.0000, f1=1.0000, roc_auc=0.9145, rule_attribution_accuracy=0.9752
▶  transformer_5000_minilm-r6
    ✓ next-step: top_1_accuracy=0.7053, top_3_accuracy=0.9973, top_5_accuracy=1.0000, mrr=0.8506
    ✓ completion: normalized_edit_distance=0.2172, exact_match_rate=0.0025, token_accuracy=0.4363, block_accuracy=0.6934
    ✓ anomaly: binary_accuracy=1.0000, precision=1.0000, recall=1.0000, f1=1.0000, roc_auc=0.9107, rule_attribution_accuracy=0.9752
▶  transformer_5000_minilm-r7
    ✓ next-step: top_1_accuracy=0.7017, top_3_accuracy=0.9968, top_5_accuracy=1.0000, mrr=0.8484
    ✓ completion: normalized_edit_distance=0.2192, exact_match_rate=0.0038, token_accuracy=0.4349, block_accuracy=0.6953
    ✓ anomaly: binary_accuracy=1.0000, precision=1.0000, recall=1.0000, f1=1.0000, roc_auc=0.9206, rule_attribution_accuracy=0.9752
▶  transformer_5000_minilm-r8
    ✓ next-step: top_1_accuracy=0.7023, top_3_accuracy=0.9960, top_5_accuracy=1.0000, mrr=0.8486
    ✓ completion: normalized_edit_distance=0.2200, exact_match_rate=0.0043, token_accuracy=0.4300, block_accuracy=0.6934
    ✓ anomaly: binary_accuracy=1.0000, precision=1.0000, recall=1.0000, f1=1.0000, roc_auc=1.0000, rule_attribution_accuracy=0.9752

════════════════════════════════════════════════════════════════════════════════════════════════════
Task: next-step    (scored by official_eval/eval_metrics.py)
════════════════════════════════════════════════════════════════════════════════════════════════════
metric                          ngram_o3                      transformer_10000             transformer_25000             transformer_5000              transformer_5000_bge          transformer_5000_bge-r0       transformer_5000_bge-r0.best  transformer_5000_bge-r1       transformer_5000_bge-r1.best  transformer_5000_bge-r2       transformer_5000_bge-r2.best  transformer_5000_bge-r3       transformer_5000_bge-r3.best  transformer_5000_bge-r4       transformer_5000_bge-r4.best  transformer_5000_bge-r5       transformer_5000_bge-r5.best  transformer_5000_bge-r6       transformer_5000_bge-r6.best  transformer_5000_bge-r7       transformer_5000_bge-r7.best  transformer_5000_bge-r8       transformer_5000_bge-r8.best  transformer_5000_minilm-r0    transformer_5000_minilm-r1    transformer_5000_minilm-r2    transformer_5000_minilm-r3    transformer_5000_minilm-r4    transformer_5000_minilm-r5    transformer_5000_minilm-r6    transformer_5000_minilm-r7    transformer_5000_minilm-r8    
--------------------------------------------------------------------------------------------------------------------------------------------------------------------------------------------------------------------------------------------------------------------------------------------------------------------------------------------------------------------------------------------------------------------------------------------------------------------------------------------------------------------------------------------------------------------------------------------------------------------------------------------------------------------------------------------------------------------------------------------------------------------------------------------------------------------------------------------------------------------------------------------------------------------------------------------------------------------------------------------------------------------------------
top_1_accuracy ↑                0.6843                        0.6902                        0.7027                        0.7090                        *0.7672*                      0.7078                        0.7078                        0.6965                        0.6965                        0.7125                        0.7125                        0.7032                        0.7032                        0.6988                        0.6988                        0.7135                        0.7135                        0.6928                        0.6928                        0.6962                        0.6962                        0.7057                        0.7057                        0.6953                        0.6897                        0.6962                        0.6975                        0.7038                        0.7048                        0.7053                        0.7017                        0.7023                        
top_3_accuracy ↑                0.9900                        0.9958                        0.9962                        0.9967                        0.9977                        0.9975                        0.9975                        0.9968                        0.9968                        0.9972                        0.9972                        0.9975                        0.9975                        0.9973                        0.9973                        0.9965                        0.9965                        0.9972                        0.9972                        0.9972                        0.9972                        0.9978                        0.9978                        0.9970                        0.9975                        0.9973                        0.9970                        0.9970                        *0.9980*                      0.9973                        0.9968                        0.9960                        
top_5_accuracy ↑                *1.0000*                      *1.0000*                      *1.0000*                      *1.0000*                      *1.0000*                      *1.0000*                      *1.0000*                      *1.0000*                      *1.0000*                      *1.0000*                      *1.0000*                      *1.0000*                      *1.0000*                      *1.0000*                      *1.0000*                      *1.0000*                      *1.0000*                      *1.0000*                      *1.0000*                      *1.0000*                      *1.0000*                      *1.0000*                      *1.0000*                      *1.0000*                      *1.0000*                      *1.0000*                      *1.0000*                      *1.0000*                      *1.0000*                      *1.0000*                      *1.0000*                      *1.0000*                      
mrr ↑                           0.8370                        0.8421                        0.8489                        0.8523                        *0.8821*                      0.8517                        0.8517                        0.8459                        0.8459                        0.8540                        0.8540                        0.8494                        0.8494                        0.8468                        0.8468                        0.8547                        0.8547                        0.8442                        0.8442                        0.8458                        0.8458                        0.8507                        0.8507                        0.8453                        0.8426                        0.8458                        0.8466                        0.8499                        0.8504                        0.8506                        0.8484                        0.8486                        

════════════════════════════════════════════════════════════════════════════════════════════════════
Task: completion    (scored by official_eval/eval_metrics.py)
════════════════════════════════════════════════════════════════════════════════════════════════════
metric                          ngram_o3                      transformer_10000             transformer_25000             transformer_5000              transformer_5000_bge          transformer_5000_bge-r0       transformer_5000_bge-r0.best  transformer_5000_bge-r1       transformer_5000_bge-r1.best  transformer_5000_bge-r2       transformer_5000_bge-r2.best  transformer_5000_bge-r3       transformer_5000_bge-r3.best  transformer_5000_bge-r4       transformer_5000_bge-r4.best  transformer_5000_bge-r5       transformer_5000_bge-r5.best  transformer_5000_bge-r6       transformer_5000_bge-r6.best  transformer_5000_bge-r7       transformer_5000_bge-r7.best  transformer_5000_bge-r8       transformer_5000_bge-r8.best  transformer_5000_minilm-r0    transformer_5000_minilm-r1    transformer_5000_minilm-r2    transformer_5000_minilm-r3    transformer_5000_minilm-r4    transformer_5000_minilm-r5    transformer_5000_minilm-r6    transformer_5000_minilm-r7    transformer_5000_minilm-r8    
--------------------------------------------------------------------------------------------------------------------------------------------------------------------------------------------------------------------------------------------------------------------------------------------------------------------------------------------------------------------------------------------------------------------------------------------------------------------------------------------------------------------------------------------------------------------------------------------------------------------------------------------------------------------------------------------------------------------------------------------------------------------------------------------------------------------------------------------------------------------------------------------------------------------------------------------------------------------------------------------------------------------------------
normalized_edit_distance ↓      0.5621                        0.2241                        0.2188                        0.2166                        *0.1834*                      0.2132                        0.2132                        0.2192                        0.2192                        0.2126                        0.2126                        0.2197                        0.2197                        0.2196                        0.2196                        0.2154                        0.2154                        0.2189                        0.2189                        0.2199                        0.2199                        0.2142                        0.2142                        0.2205                        0.2233                        0.2184                        0.2221                        0.2163                        0.2181                        0.2172                        0.2192                        0.2200                        
exact_match_rate ↑              0.0043                        0.0043                        0.0047                        0.0055                        *0.0263*                      0.0067                        0.0067                        0.0037                        0.0037                        0.0058                        0.0058                        0.0043                        0.0043                        0.0065                        0.0065                        0.0055                        0.0055                        0.0050                        0.0050                        0.0037                        0.0037                        0.0060                        0.0060                        0.0033                        0.0045                        0.0042                        0.0038                        0.0040                        0.0048                        0.0025                        0.0038                        0.0043                        
token_accuracy ↑                0.3275                        0.4293                        0.4302                        0.4381                        *0.5187*                      0.4403                        0.4403                        0.4288                        0.4288                        0.4387                        0.4387                        0.4374                        0.4374                        0.4418                        0.4418                        0.4382                        0.4382                        0.4351                        0.4351                        0.4305                        0.4305                        0.4404                        0.4404                        0.4307                        0.4311                        0.4298                        0.4325                        0.4417                        0.4419                        0.4363                        0.4349                        0.4300                        
block_accuracy ↑                0.6235                        0.6930                        0.6927                        0.6984                        *0.7211*                      0.7007                        0.7007                        0.6980                        0.6980                        0.6988                        0.6988                        0.7040                        0.7040                        0.6919                        0.6919                        0.6991                        0.6991                        0.6901                        0.6901                        0.6861                        0.6861                        0.6973                        0.6973                        0.6942                        0.6938                        0.6939                        0.6969                        0.7011                        0.7004                        0.6934                        0.6953                        0.6934                        

════════════════════════════════════════════════════════════════════════════════════════════════════
Task: anomaly    (scored by official_eval/eval_metrics.py)
════════════════════════════════════════════════════════════════════════════════════════════════════
metric                          ngram_o3                      transformer_10000             transformer_25000             transformer_5000              transformer_5000_bge          transformer_5000_bge-r0       transformer_5000_bge-r0.best  transformer_5000_bge-r1       transformer_5000_bge-r1.best  transformer_5000_bge-r2       transformer_5000_bge-r2.best  transformer_5000_bge-r3       transformer_5000_bge-r3.best  transformer_5000_bge-r4       transformer_5000_bge-r4.best  transformer_5000_bge-r5       transformer_5000_bge-r5.best  transformer_5000_bge-r6       transformer_5000_bge-r6.best  transformer_5000_bge-r7       transformer_5000_bge-r7.best  transformer_5000_bge-r8       transformer_5000_bge-r8.best  transformer_5000_minilm-r0    transformer_5000_minilm-r1    transformer_5000_minilm-r2    transformer_5000_minilm-r3    transformer_5000_minilm-r4    transformer_5000_minilm-r5    transformer_5000_minilm-r6    transformer_5000_minilm-r7    transformer_5000_minilm-r8    
--------------------------------------------------------------------------------------------------------------------------------------------------------------------------------------------------------------------------------------------------------------------------------------------------------------------------------------------------------------------------------------------------------------------------------------------------------------------------------------------------------------------------------------------------------------------------------------------------------------------------------------------------------------------------------------------------------------------------------------------------------------------------------------------------------------------------------------------------------------------------------------------------------------------------------------------------------------------------------------------------------------------------------
binary_accuracy ↑               *1.0000*                      *1.0000*                      *1.0000*                      *1.0000*                      *1.0000*                      *1.0000*                      *1.0000*                      *1.0000*                      *1.0000*                      *1.0000*                      *1.0000*                      *1.0000*                      *1.0000*                      *1.0000*                      *1.0000*                      *1.0000*                      *1.0000*                      *1.0000*                      *1.0000*                      *1.0000*                      *1.0000*                      *1.0000*                      *1.0000*                      *1.0000*                      *1.0000*                      *1.0000*                      *1.0000*                      *1.0000*                      *1.0000*                      *1.0000*                      *1.0000*                      *1.0000*                      
precision ↑                     *1.0000*                      *1.0000*                      *1.0000*                      *1.0000*                      *1.0000*                      *1.0000*                      *1.0000*                      *1.0000*                      *1.0000*                      *1.0000*                      *1.0000*                      *1.0000*                      *1.0000*                      *1.0000*                      *1.0000*                      *1.0000*                      *1.0000*                      *1.0000*                      *1.0000*                      *1.0000*                      *1.0000*                      *1.0000*                      *1.0000*                      *1.0000*                      *1.0000*                      *1.0000*                      *1.0000*                      *1.0000*                      *1.0000*                      *1.0000*                      *1.0000*                      *1.0000*                      
recall ↑                        *1.0000*                      *1.0000*                      *1.0000*                      *1.0000*                      *1.0000*                      *1.0000*                      *1.0000*                      *1.0000*                      *1.0000*                      *1.0000*                      *1.0000*                      *1.0000*                      *1.0000*                      *1.0000*                      *1.0000*                      *1.0000*                      *1.0000*                      *1.0000*                      *1.0000*                      *1.0000*                      *1.0000*                      *1.0000*                      *1.0000*                      *1.0000*                      *1.0000*                      *1.0000*                      *1.0000*                      *1.0000*                      *1.0000*                      *1.0000*                      *1.0000*                      *1.0000*                      
f1 ↑                            *1.0000*                      *1.0000*                      *1.0000*                      *1.0000*                      *1.0000*                      *1.0000*                      *1.0000*                      *1.0000*                      *1.0000*                      *1.0000*                      *1.0000*                      *1.0000*                      *1.0000*                      *1.0000*                      *1.0000*                      *1.0000*                      *1.0000*                      *1.0000*                      *1.0000*                      *1.0000*                      *1.0000*                      *1.0000*                      *1.0000*                      *1.0000*                      *1.0000*                      *1.0000*                      *1.0000*                      *1.0000*                      *1.0000*                      *1.0000*                      *1.0000*                      *1.0000*                      
roc_auc ↑                       0.5150                        0.8389                        0.8500                        0.7940                        0.5415                        0.7662                        0.7662                        0.8299                        0.8299                        0.8773                        0.8773                        0.9803                        0.9803                        0.5000                        0.5000                        0.5000                        0.5000                        0.9836                        0.9836                        0.5000                        0.5000                        0.9977                        0.9977                        0.7051                        0.7329                        0.7457                        0.8171                        0.8521                        0.9145                        0.9107                        0.9206                        *1.0000*                      
rule_attribution_accuracy ↑     *0.9752*                      *0.9752*                      *0.9752*                      *0.9752*                      *0.9752*                      *0.9752*                      *0.9752*                      *0.9752*                      *0.9752*                      *0.9752*                      *0.9752*                      *0.9752*                      *0.9752*                      *0.9752*                      *0.9752*                      *0.9752*                      *0.9752*                      *0.9752*                      *0.9752*                      *0.9752*                      *0.9752*                      *0.9752*                      *0.9752*                      *0.9752*                      *0.9752*                      *0.9752*                      *0.9752*                      *0.9752*                      *0.9752*                      *0.9752*                      *0.9752*                      *0.9752*                      

Per-model JSONs:  outputs/reports/<tag>/official.json
Raw scorer logs:  outputs/reports/<tag>/official_<task>.txt
