[04:38:51] sweep run 2/8  →  LR=1e-4  N_LAYERS=8  DROPOUT=0.1  WEIGHT_DECAY=0.01
[04:38:51] job 43170834 on lrdn0080.leonardo.local
[04:38:51] cwd: /leonardo/home/usertrain/a08trc0r/Zero-one-hack-2026
[04:38:51] params: DATA_SIZE=5000 EPOCHS=30 BATCH=64 LR=1e-4 WD=0.01 DROPOUT=0.1
[04:38:51] arch:   N_LAYERS=8 D_MODEL=768 N_HEADS=12 FF_DIM=3072
[04:38:51] encoder: tag=bge-r2  hf=BAAI/bge-base-en-v1.5
[04:38:51] paths:
    TRAIN  data → training_data_5000/   (synthetic, seed 1042)
    TRAIN  pool → outputs/train_pool_5000/   (train_split.csv + internal val)
    TEST       → outputs/eval_canonical/    (original 1000/family from training_data/)
    MODEL  out → outputs/models/transformer_5000_bge-r2.pt
[04:38:51] wandb:  run=sweep-bge-L9r2-lr1e-4-L8-do0.1-wd0.01-job43170829_2  mode=online
[04:38:51] stage 1/5 — generate: skipped (training_data_5000/MOSFET_variants.csv exists)
[04:38:51] stage 2/5 — train pool: skipped (outputs/train_pool_5000/train_split.csv exists)
[04:38:51] stage 3/5 — canonical test: skipped (outputs/eval_canonical/eval_input_valid.csv exists)
[04:38:51] stage 4/5 — build-st-embeddings: skipped (outputs/models/st_step_embeddings_bge-r2.pkl exists)
[04:38:51] stage 5/5 — train transformer (30 epochs, batch=64)
Device: cuda
Train sequences: 12960  Val: 1440
Params: 57,054,720
📊 wandb run: sweep-bge-L9r2-lr1e-4-L8-do0.1-wd0.01-job43170829_2  [online]  → https://wandb.ai/fedja-bogataj-org/infineon-track1/runs/c8kv2aqp
  First step: 0.49s, tokens/s approx 16918
  step    50 | loss 3.9905 | lr 2.55e-05
  step   100 | loss 3.0963 | lr 5.05e-05
  step   150 | loss 1.2624 | lr 7.55e-05
  step   200 | loss 0.4334 | lr 1.00e-04
Epoch 1/30 | avg_loss 2.8278 | 23214 tok/s | 72.0s
  📈 new best val_loss 0.3589 at epoch 1
  💾 checkpoint saved at epoch 1 → outputs/models/transformer_5000_bge-r2.pt
  step   250 | loss 0.3974 | lr 1.00e-04
  step   300 | loss 0.3773 | lr 9.99e-05
  step   350 | loss 0.3642 | lr 9.98e-05
  step   400 | loss 0.3590 | lr 9.97e-05
Epoch 2/30 | avg_loss 0.3799 | 23259 tok/s | 71.8s
  📈 new best val_loss 0.3313 at epoch 2
  💾 checkpoint saved at epoch 2 → outputs/models/transformer_5000_bge-r2.pt
  step   450 | loss 0.3558 | lr 9.96e-05
  step   500 | loss 0.3612 | lr 9.94e-05
  [val step 500] loss 0.3246
  step   550 | loss 0.3604 | lr 9.91e-05
  step   600 | loss 0.3522 | lr 9.89e-05
Epoch 3/30 | avg_loss 0.3556 | 22447 tok/s | 74.4s
  💾 checkpoint saved at epoch 3 → outputs/models/transformer_5000_bge-r2.pt
  step   650 | loss 0.3522 | lr 9.86e-05
  step   700 | loss 0.3490 | lr 9.82e-05
  step   750 | loss 0.3464 | lr 9.79e-05
  step   800 | loss 0.3512 | lr 9.75e-05
Epoch 4/30 | avg_loss 0.3477 | 23260 tok/s | 71.8s
  📈 new best val_loss 0.3217 at epoch 4
  💾 checkpoint saved at epoch 4 → outputs/models/transformer_5000_bge-r2.pt
  step   850 | loss 0.3443 | lr 9.70e-05
  step   900 | loss 0.3391 | lr 9.66e-05
  step   950 | loss 0.3440 | lr 9.61e-05
  step  1000 | loss 0.3402 | lr 9.55e-05
  [val step 1000] loss 0.3182
Epoch 5/30 | avg_loss 0.3426 | 22447 tok/s | 74.5s
  📈 new best val_loss 0.3144 at epoch 5
  💾 checkpoint saved at epoch 5 → outputs/models/transformer_5000_bge-r2.pt
  step  1050 | loss 0.3317 | lr 9.49e-05
  step  1100 | loss 0.3377 | lr 9.43e-05
  step  1150 | loss 0.3357 | lr 9.37e-05
  step  1200 | loss 0.3327 | lr 9.31e-05
Epoch 6/30 | avg_loss 0.3398 | 23259 tok/s | 71.8s
  📈 new best val_loss 0.3133 at epoch 6
  💾 checkpoint saved at epoch 6 → outputs/models/transformer_5000_bge-r2.pt
  step  1250 | loss 0.3361 | lr 9.24e-05
  step  1300 | loss 0.3379 | lr 9.16e-05
  step  1350 | loss 0.3456 | lr 9.09e-05
  step  1400 | loss 0.3378 | lr 9.01e-05
Epoch 7/30 | avg_loss 0.3376 | 23259 tok/s | 71.8s
  💾 checkpoint saved at epoch 7 → outputs/models/transformer_5000_bge-r2.pt
  step  1450 | loss 0.3401 | lr 8.93e-05
  step  1500 | loss 0.3333 | lr 8.85e-05
  [val step 1500] loss 0.3119
  step  1550 | loss 0.3427 | lr 8.76e-05
  step  1600 | loss 0.3381 | lr 8.67e-05
Epoch 8/30 | avg_loss 0.3361 | 22446 tok/s | 74.5s
  📈 new best val_loss 0.3111 at epoch 8
  💾 checkpoint saved at epoch 8 → outputs/models/transformer_5000_bge-r2.pt
  step  1650 | loss 0.3379 | lr 8.58e-05
  step  1700 | loss 0.3257 | lr 8.48e-05
  step  1750 | loss 0.3348 | lr 8.39e-05
  step  1800 | loss 0.3370 | lr 8.29e-05
Epoch 9/30 | avg_loss 0.3349 | 23259 tok/s | 71.9s
  💾 checkpoint saved at epoch 9 → outputs/models/transformer_5000_bge-r2.pt
  step  1850 | loss 0.3293 | lr 8.19e-05
  step  1900 | loss 0.3299 | lr 8.08e-05
  step  1950 | loss 0.3277 | lr 7.98e-05
  step  2000 | loss 0.3394 | lr 7.87e-05
  [val step 2000] loss 0.3142
Epoch 10/30 | avg_loss 0.3338 | 22447 tok/s | 74.4s
  💾 checkpoint saved at epoch 10 → outputs/models/transformer_5000_bge-r2.pt
  step  2050 | loss 0.3366 | lr 7.76e-05
  step  2100 | loss 0.3331 | lr 7.64e-05
  step  2150 | loss 0.3264 | lr 7.53e-05
  step  2200 | loss 0.3366 | lr 7.41e-05
Epoch 11/30 | avg_loss 0.3332 | 23261 tok/s | 71.8s
  💾 checkpoint saved at epoch 11 → outputs/models/transformer_5000_bge-r2.pt
  step  2250 | loss 0.3350 | lr 7.30e-05
  step  2300 | loss 0.3292 | lr 7.18e-05
  step  2350 | loss 0.3282 | lr 7.06e-05
  step  2400 | loss 0.3287 | lr 6.93e-05
Epoch 12/30 | avg_loss 0.3325 | 23259 tok/s | 71.8s
  💾 checkpoint saved at epoch 12 → outputs/models/transformer_5000_bge-r2.pt
  step  2450 | loss 0.3285 | lr 6.81e-05
  step  2500 | loss 0.3306 | lr 6.69e-05
  [val step 2500] loss 0.3143
  step  2550 | loss 0.3290 | lr 6.56e-05
  step  2600 | loss 0.3342 | lr 6.43e-05
Epoch 13/30 | avg_loss 0.3317 | 22449 tok/s | 74.4s
  📈 new best val_loss 0.3105 at epoch 13
  💾 checkpoint saved at epoch 13 → outputs/models/transformer_5000_bge-r2.pt
  step  2650 | loss 0.3332 | lr 6.30e-05
  step  2700 | loss 0.3326 | lr 6.18e-05
  step  2750 | loss 0.3328 | lr 6.05e-05
  step  2800 | loss 0.3371 | lr 5.91e-05
Epoch 14/30 | avg_loss 0.3311 | 23258 tok/s | 71.9s
  📈 new best val_loss 0.3103 at epoch 14
  💾 checkpoint saved at epoch 14 → outputs/models/transformer_5000_bge-r2.pt
  step  2850 | loss 0.3327 | lr 5.78e-05
  step  2900 | loss 0.3303 | lr 5.65e-05
  step  2950 | loss 0.3312 | lr 5.52e-05
  step  3000 | loss 0.3325 | lr 5.39e-05
  [val step 3000] loss 0.3097
Epoch 15/30 | avg_loss 0.3306 | 22446 tok/s | 74.5s
  📈 new best val_loss 0.3091 at epoch 15
  💾 checkpoint saved at epoch 15 → outputs/models/transformer_5000_bge-r2.pt
  step  3050 | loss 0.3274 | lr 5.25e-05
  step  3100 | loss 0.3397 | lr 5.12e-05
  step  3150 | loss 0.3269 | lr 4.99e-05
  step  3200 | loss 0.3294 | lr 4.85e-05
Epoch 16/30 | avg_loss 0.3300 | 23257 tok/s | 71.9s
  📈 new best val_loss 0.3089 at epoch 16
  💾 checkpoint saved at epoch 16 → outputs/models/transformer_5000_bge-r2.pt
  step  3250 | loss 0.3266 | lr 4.72e-05
  step  3300 | loss 0.3326 | lr 4.59e-05
  step  3350 | loss 0.3258 | lr 4.45e-05
  step  3400 | loss 0.3227 | lr 4.32e-05
  step  3450 | loss 0.3307 | lr 4.19e-05
Epoch 17/30 | avg_loss 0.3293 | 23255 tok/s | 71.9s
  💾 checkpoint saved at epoch 17 → outputs/models/transformer_5000_bge-r2.pt
  step  3500 | loss 0.3325 | lr 4.06e-05
  [val step 3500] loss 0.3087
  step  3550 | loss 0.3335 | lr 3.93e-05
  step  3600 | loss 0.3309 | lr 3.80e-05
  step  3650 | loss 0.3197 | lr 3.67e-05
Epoch 18/30 | avg_loss 0.3287 | 22445 tok/s | 74.5s
  💾 checkpoint saved at epoch 18 → outputs/models/transformer_5000_bge-r2.pt
  step  3700 | loss 0.3178 | lr 3.54e-05
  step  3750 | loss 0.3275 | lr 3.41e-05
  step  3800 | loss 0.3283 | lr 3.29e-05
  step  3850 | loss 0.3280 | lr 3.16e-05
Epoch 19/30 | avg_loss 0.3283 | 23257 tok/s | 71.9s
  💾 checkpoint saved at epoch 19 → outputs/models/transformer_5000_bge-r2.pt
  step  3900 | loss 0.3228 | lr 3.04e-05
  step  3950 | loss 0.3297 | lr 2.92e-05
  step  4000 | loss 0.3298 | lr 2.80e-05
  [val step 4000] loss 0.3100
  step  4050 | loss 0.3279 | lr 2.68e-05
Epoch 20/30 | avg_loss 0.3277 | 22447 tok/s | 74.4s
  📈 new best val_loss 0.3081 at epoch 20
  💾 checkpoint saved at epoch 20 → outputs/models/transformer_5000_bge-r2.pt
  step  4100 | loss 0.3351 | lr 2.56e-05
  step  4150 | loss 0.3307 | lr 2.45e-05
  step  4200 | loss 0.3328 | lr 2.33e-05
  step  4250 | loss 0.3251 | lr 2.22e-05
Epoch 21/30 | avg_loss 0.3271 | 23257 tok/s | 71.9s
  💾 checkpoint saved at epoch 21 → outputs/models/transformer_5000_bge-r2.pt
  step  4300 | loss 0.3359 | lr 2.11e-05
  step  4350 | loss 0.3205 | lr 2.00e-05
  step  4400 | loss 0.3336 | lr 1.90e-05
  step  4450 | loss 0.3238 | lr 1.79e-05
Epoch 22/30 | avg_loss 0.3267 | 23138 tok/s | 72.2s
  📈 new best val_loss 0.3078 at epoch 22
  💾 checkpoint saved at epoch 22 → outputs/models/transformer_5000_bge-r2.pt
  step  4500 | loss 0.3306 | lr 1.69e-05
  [val step 4500] loss 0.3080
  step  4550 | loss 0.3295 | lr 1.59e-05
  step  4600 | loss 0.3213 | lr 1.50e-05
  step  4650 | loss 0.3272 | lr 1.40e-05
Epoch 23/30 | avg_loss 0.3263 | 22341 tok/s | 74.8s
  📈 new best val_loss 0.3077 at epoch 23
  💾 checkpoint saved at epoch 23 → outputs/models/transformer_5000_bge-r2.pt
  step  4700 | loss 0.3186 | lr 1.31e-05
  step  4750 | loss 0.3207 | lr 1.22e-05
  step  4800 | loss 0.3269 | lr 1.14e-05
  step  4850 | loss 0.3285 | lr 1.05e-05
Epoch 24/30 | avg_loss 0.3257 | 23260 tok/s | 71.8s
  💾 checkpoint saved at epoch 24 → outputs/models/transformer_5000_bge-r2.pt
  step  4900 | loss 0.3227 | lr 9.74e-06
  step  4950 | loss 0.3278 | lr 8.96e-06
  step  5000 | loss 0.3264 | lr 8.21e-06
  [val step 5000] loss 0.3078
  step  5050 | loss 0.3272 | lr 7.50e-06
Epoch 25/30 | avg_loss 0.3253 | 22446 tok/s | 74.5s
  💾 checkpoint saved at epoch 25 → outputs/models/transformer_5000_bge-r2.pt
  step  5100 | loss 0.3235 | lr 6.81e-06
  step  5150 | loss 0.3152 | lr 6.15e-06
  step  5200 | loss 0.3265 | lr 5.53e-06
  step  5250 | loss 0.3264 | lr 4.94e-06
Epoch 26/30 | avg_loss 0.3248 | 23258 tok/s | 71.9s
  💾 checkpoint saved at epoch 26 → outputs/models/transformer_5000_bge-r2.pt
  step  5300 | loss 0.3226 | lr 4.37e-06
  step  5350 | loss 0.3182 | lr 3.84e-06
  step  5400 | loss 0.3185 | lr 3.35e-06
  step  5450 | loss 0.3220 | lr 2.89e-06
Epoch 27/30 | avg_loss 0.3246 | 23258 tok/s | 71.9s
  📈 new best val_loss 0.3077 at epoch 27
  💾 checkpoint saved at epoch 27 → outputs/models/transformer_5000_bge-r2.pt
  step  5500 | loss 0.3219 | lr 2.46e-06
  [val step 5500] loss 0.3078
  step  5550 | loss 0.3216 | lr 2.06e-06
  step  5600 | loss 0.3279 | lr 1.70e-06
  step  5650 | loss 0.3290 | lr 1.37e-06
Epoch 28/30 | avg_loss 0.3244 | 22446 tok/s | 74.5s
  📈 new best val_loss 0.3075 at epoch 28
  💾 checkpoint saved at epoch 28 → outputs/models/transformer_5000_bge-r2.pt
  step  5700 | loss 0.3190 | lr 1.08e-06
  step  5750 | loss 0.3190 | lr 8.20e-07
  step  5800 | loss 0.3164 | lr 5.97e-07
  step  5850 | loss 0.3230 | lr 4.09e-07
Epoch 29/30 | avg_loss 0.3243 | 23259 tok/s | 71.8s
  💾 checkpoint saved at epoch 29 → outputs/models/transformer_5000_bge-r2.pt
  step  5900 | loss 0.3211 | lr 2.57e-07
  step  5950 | loss 0.3278 | lr 1.39e-07
  step  6000 | loss 0.3206 | lr 5.76e-08
  [val step 6000] loss 0.3075
  step  6050 | loss 0.3196 | lr 1.14e-08
Epoch 30/30 | avg_loss 0.3242 | 22444 tok/s | 74.5s
  ✓ final checkpoint saved at epoch 30 → outputs/models/transformer_5000_bge-r2.pt
Final val loss: 0.3075
✓ best checkpoint (epoch 28, val_loss 0.3075) → outputs/models/transformer_5000_bge-r2.best.pt
[05:17:21] ✓ all stages complete → outputs/models/transformer_5000_bge-r2.pt
[05:17:21]   Evaluate with:  EVAL_DIR=outputs/eval_canonical sbatch scripts/evaluate_all.sbatch
